
*** Running vivado
    with args -log breakout_vga_top.vdi -applog -m64 -product Vivado -messageDb vivado.pb -mode batch -source breakout_vga_top.tcl -notrace


****** Vivado v2024.2 (64-bit)
  **** SW Build 5239630 on Fri Nov 08 22:34:34 MST 2024
  **** IP Build 5239520 on Sun Nov 10 16:12:51 MST 2024
  **** SharedData Build 5239561 on Fri Nov 08 14:39:27 MST 2024
  **** Start of session at: Sat Aug 29 16:21:24 2026
    ** Copyright 1986-2022 Xilinx, Inc. All Rights Reserved.
    ** Copyright 2022-2024 Advanced Micro Devices, Inc. All Rights Reserved.

source breakout_vga_top.tcl -notrace
Command: open_checkpoint /home/valentina/Documents/Repo/circuit_breakout/vhdl_breakout/vhdl_breakout.runs/impl_1/breakout_vga_top.dcp
INFO: [Device 21-403] Loading part xc7a35tcpg236-1
Netlist sorting complete. Time (s): cpu = 00:00:00 ; elapsed = 00:00:00 . Memory (MB): peak = 1418.250 ; gain = 0.000 ; free physical = 480 ; free virtual = 7704
INFO: [Netlist 29-17] Analyzing 19 Unisim elements for replacement
INFO: [Netlist 29-28] Unisim Transformation completed in 0 CPU seconds
INFO: [Project 1-479] Netlist was created with Vivado 2024.2
INFO: [Project 1-570] Preparing netlist for logic optimization
Read ShapeDB Complete: Time (s): cpu = 00:00:00 ; elapsed = 00:00:00 . Memory (MB): peak = 1476.094 ; gain = 0.000 ; free physical = 371 ; free virtual = 7606
INFO: [Timing 38-478] Restoring timing data from binary archive.
INFO: [Timing 38-479] Binary timing data restore complete.
INFO: [Project 1-856] Restoring constraints from binary archive.
INFO: [Project 1-853] Binary constraint restore complete.
INFO: [Designutils 20-5722] Start Reading Physical Databases.
Reading placement.
Read Netlist Cache: Time (s): cpu = 00:00:00 ; elapsed = 00:00:00 . Memory (MB): peak = 1929.797 ; gain = 0.000 ; free physical = 210 ; free virtual = 7160
Reading placer database...
Read Device Cache: Time (s): cpu = 00:00:00.01 ; elapsed = 00:00:00.01 . Memory (MB): peak = 1929.797 ; gain = 0.000 ; free physical = 210 ; free virtual = 7160
Read PlaceDB: Time (s): cpu = 00:00:00 ; elapsed = 00:00:00 . Memory (MB): peak = 1929.797 ; gain = 0.000 ; free physical = 210 ; free virtual = 7160
Read PulsedLatchDB: Time (s): cpu = 00:00:00 ; elapsed = 00:00:00 . Memory (MB): peak = 1929.797 ; gain = 0.000 ; free physical = 210 ; free virtual = 7160
Reading routing.
Read RouteStorage: Time (s): cpu = 00:00:00.01 ; elapsed = 00:00:00 . Memory (MB): peak = 1993.828 ; gain = 64.031 ; free physical = 210 ; free virtual = 7160
Read Physdb Files: Time (s): cpu = 00:00:00.02 ; elapsed = 00:00:00.01 . Memory (MB): peak = 1993.828 ; gain = 64.031 ; free physical = 210 ; free virtual = 7160
Restored from archive | CPU: 0.060000 secs | Memory: 1.110298 MB |
Finished XDEF File Restore: Time (s): cpu = 00:00:00.06 ; elapsed = 00:00:00.06 . Memory (MB): peak = 1993.828 ; gain = 67.000 ; free physical = 210 ; free virtual = 7160
Netlist sorting complete. Time (s): cpu = 00:00:00 ; elapsed = 00:00:00 . Memory (MB): peak = 1993.828 ; gain = 0.000 ; free physical = 210 ; free virtual = 7160
INFO: [Project 1-111] Unisim Transformation Summary:
No Unisim elements were transformed.

INFO: [Project 1-604] Checkpoint was created with Vivado v2024.2 (64-bit) build 5239630
open_checkpoint: Time (s): cpu = 00:00:11 ; elapsed = 00:00:12 . Memory (MB): peak = 1993.828 ; gain = 621.168 ; free physical = 210 ; free virtual = 7160
Command: opt_design
Attempting to get a license for feature 'Implementation' and/or device 'xc7a35t'
INFO: [Common 17-349] Got license for feature 'Implementation' and/or device 'xc7a35t'
Running DRC as a precondition to command opt_design

Starting DRC Task
INFO: [DRC 23-27] Running DRC with 8 threads
INFO: [Project 1-461] DRC finished with 0 Errors
INFO: [Project 1-462] Please refer to the DRC report (report_drc) for more information.

Time (s): cpu = 00:00:02 ; elapsed = 00:00:00.73 . Memory (MB): peak = 2081.492 ; gain = 87.664 ; free physical = 161 ; free virtual = 7111

Starting Cache Timing Information Task
INFO: [Timing 38-35] Done setting XDC timing constraints.
Ending Cache Timing Information Task | Checksum: 1b7d41eda

Time (s): cpu = 00:00:00.04 ; elapsed = 00:00:00.04 . Memory (MB): peak = 2134.305 ; gain = 52.812 ; free physical = 161 ; free virtual = 7111

Starting Logic Optimization Task

Phase 1 Initialization

Phase 1.1 Core Generation And Design Setup
Phase 1.1 Core Generation And Design Setup | Checksum: 1b7d41eda

Time (s): cpu = 00:00:00 ; elapsed = 00:00:00.01 . Memory (MB): peak = 2460.289 ; gain = 0.000 ; free physical = 241 ; free virtual = 6831

Phase 1.2 Setup Constraints And Sort Netlist
Phase 1.2 Setup Constraints And Sort Netlist | Checksum: 1b7d41eda

Time (s): cpu = 00:00:00 ; elapsed = 00:00:00.01 . Memory (MB): peak = 2460.289 ; gain = 0.000 ; free physical = 234 ; free virtual = 6832
Phase 1 Initialization | Checksum: 1b7d41eda

Time (s): cpu = 00:00:00 ; elapsed = 00:00:00.01 . Memory (MB): peak = 2460.289 ; gain = 0.000 ; free physical = 234 ; free virtual = 6832

Phase 2 Timer Update And Timing Data Collection

Phase 2.1 Timer Update
Phase 2.1 Timer Update | Checksum: 1b7d41eda

Time (s): cpu = 00:00:00.02 ; elapsed = 00:00:00.01 . Memory (MB): peak = 2460.289 ; gain = 0.000 ; free physical = 257 ; free virtual = 6834

Phase 2.2 Timing Data Collection
Phase 2.2 Timing Data Collection | Checksum: 1b7d41eda

Time (s): cpu = 00:00:00.03 ; elapsed = 00:00:00.02 . Memory (MB): peak = 2460.289 ; gain = 0.000 ; free physical = 256 ; free virtual = 6834
Phase 2 Timer Update And Timing Data Collection | Checksum: 1b7d41eda

Time (s): cpu = 00:00:00.03 ; elapsed = 00:00:00.02 . Memory (MB): peak = 2460.289 ; gain = 0.000 ; free physical = 256 ; free virtual = 6834

Phase 3 Retarget
INFO: [Opt 31-1851] Number of loadless carry chains removed were: 0
INFO: [Opt 31-1834] Total Chains To Be Transformed Were: 0 AND Number of Transformed insts Created are: 0
INFO: [Opt 31-138] Pushed 0 inverter(s) to 0 load pin(s).
INFO: [Opt 31-49] Retargeted 0 cell(s).
Phase 3 Retarget | Checksum: 1b7d41eda

Time (s): cpu = 00:00:00.06 ; elapsed = 00:00:00.05 . Memory (MB): peak = 2460.289 ; gain = 0.000 ; free physical = 255 ; free virtual = 6832
Retarget | Checksum: 1b7d41eda
INFO: [Opt 31-389] Phase Retarget created 0 cells and removed 0 cells

Phase 4 Constant propagation
INFO: [Opt 31-138] Pushed 0 inverter(s) to 0 load pin(s).
Phase 4 Constant propagation | Checksum: 1a9047448

Time (s): cpu = 00:00:00.06 ; elapsed = 00:00:00.06 . Memory (MB): peak = 2460.289 ; gain = 0.000 ; free physical = 255 ; free virtual = 6832
Constant propagation | Checksum: 1a9047448
INFO: [Opt 31-389] Phase Constant propagation created 0 cells and removed 0 cells

Phase 5 Sweep
INFO: [Constraints 18-11670] Building netlist checker database with flags, 0x8
Done building netlist checker database: Time (s): cpu = 00:00:00 ; elapsed = 00:00:00 . Memory (MB): peak = 2460.289 ; gain = 0.000 ; free physical = 255 ; free virtual = 6832
Phase 5 Sweep | Checksum: 219feb107

Time (s): cpu = 00:00:00.06 ; elapsed = 00:00:00.06 . Memory (MB): peak = 2460.289 ; gain = 0.000 ; free physical = 255 ; free virtual = 6832
Sweep | Checksum: 219feb107
INFO: [Opt 31-389] Phase Sweep created 0 cells and removed 0 cells

Phase 6 BUFG optimization
Phase 6 BUFG optimization | Checksum: 219feb107

Time (s): cpu = 00:00:00.08 ; elapsed = 00:00:00.07 . Memory (MB): peak = 2492.305 ; gain = 32.016 ; free physical = 254 ; free virtual = 6831
BUFG optimization | Checksum: 219feb107
INFO: [Opt 31-662] Phase BUFG optimization created 0 cells of which 0 are BUFGs and removed 0 cells.

Phase 7 Shift Register Optimization
INFO: [Opt 31-1064] SRL Remap converted 0 SRLs to 0 registers and converted 0 registers of register chains to 0 SRLs
Phase 7 Shift Register Optimization | Checksum: 219feb107

Time (s): cpu = 00:00:00.08 ; elapsed = 00:00:00.07 . Memory (MB): peak = 2492.305 ; gain = 32.016 ; free physical = 254 ; free virtual = 6831
Shift Register Optimization | Checksum: 219feb107
INFO: [Opt 31-389] Phase Shift Register Optimization created 0 cells and removed 0 cells

Phase 8 Post Processing Netlist
Phase 8 Post Processing Netlist | Checksum: 219feb107

Time (s): cpu = 00:00:00.08 ; elapsed = 00:00:00.07 . Memory (MB): peak = 2492.305 ; gain = 32.016 ; free physical = 254 ; free virtual = 6831
Post Processing Netlist | Checksum: 219feb107
INFO: [Opt 31-389] Phase Post Processing Netlist created 0 cells and removed 0 cells

Phase 9 Finalization

Phase 9.1 Finalizing Design Cores and Updating Shapes
Phase 9.1 Finalizing Design Cores and Updating Shapes | Checksum: 293a82b06

Time (s): cpu = 00:00:00.14 ; elapsed = 00:00:00.09 . Memory (MB): peak = 2516.316 ; gain = 56.027 ; free physical = 254 ; free virtual = 6831

Phase 9.2 Verifying Netlist Connectivity

Starting Connectivity Check Task

Time (s): cpu = 00:00:00.01 ; elapsed = 00:00:00 . Memory (MB): peak = 2516.316 ; gain = 0.000 ; free physical = 254 ; free virtual = 6831
Phase 9.2 Verifying Netlist Connectivity | Checksum: 293a82b06

Time (s): cpu = 00:00:00.15 ; elapsed = 00:00:00.09 . Memory (MB): peak = 2516.316 ; gain = 56.027 ; free physical = 254 ; free virtual = 6831
Phase 9 Finalization | Checksum: 293a82b06

Time (s): cpu = 00:00:00.15 ; elapsed = 00:00:00.09 . Memory (MB): peak = 2516.316 ; gain = 56.027 ; free physical = 254 ; free virtual = 6831
Opt_design Change Summary
=========================


-------------------------------------------------------------------------------------------------------------------------
|  Phase                        |  #Cells created  |  #Cells Removed  |  #Constrained objects preventing optimizations  |
-------------------------------------------------------------------------------------------------------------------------
|  Retarget                     |               0  |               0  |                                              0  |
|  Constant propagation         |               0  |               0  |                                              0  |
|  Sweep                        |               0  |               0  |                                              0  |
|  BUFG optimization            |               0  |               0  |                                              0  |
|  Shift Register Optimization  |               0  |               0  |                                              0  |
|  Post Processing Netlist      |               0  |               0  |                                              0  |
-------------------------------------------------------------------------------------------------------------------------


Ending Logic Optimization Task | Checksum: 293a82b06

Time (s): cpu = 00:00:00.17 ; elapsed = 00:00:00.09 . Memory (MB): peak = 2516.316 ; gain = 56.027 ; free physical = 254 ; free virtual = 6831

Starting Power Optimization Task
INFO: [Pwropt 34-132] Skipping clock gating for clocks with a period < 2.00 ns.
Ending Power Optimization Task | Checksum: 293a82b06

Time (s): cpu = 00:00:00.04 ; elapsed = 00:00:00.01 . Memory (MB): peak = 2516.316 ; gain = 0.000 ; free physical = 254 ; free virtual = 6831

Starting Final Cleanup Task
Ending Final Cleanup Task | Checksum: 293a82b06

Time (s): cpu = 00:00:00.01 ; elapsed = 00:00:00 . Memory (MB): peak = 2516.316 ; gain = 0.000 ; free physical = 254 ; free virtual = 6831

Starting Netlist Obfuscation Task
Netlist sorting complete. Time (s): cpu = 00:00:00 ; elapsed = 00:00:00 . Memory (MB): peak = 2516.316 ; gain = 0.000 ; free physical = 254 ; free virtual = 6831
Ending Netlist Obfuscation Task | Checksum: 293a82b06

Time (s): cpu = 00:00:00.01 ; elapsed = 00:00:00 . Memory (MB): peak = 2516.316 ; gain = 0.000 ; free physical = 254 ; free virtual = 6831
INFO: [Common 17-83] Releasing license: Implementation
32 Infos, 0 Warnings, 0 Critical Warnings and 0 Errors encountered.
opt_design completed successfully
INFO: [Vivado 12-24828] Executing command : report_drc -file breakout_vga_top_drc_opted.rpt -pb breakout_vga_top_drc_opted.pb -rpx breakout_vga_top_drc_opted.rpx
Command: report_drc -file breakout_vga_top_drc_opted.rpt -pb breakout_vga_top_drc_opted.pb -rpx breakout_vga_top_drc_opted.rpx
INFO: [IP_Flow 19-234] Refreshing IP repositories
INFO: [IP_Flow 19-1704] No user IP repositories specified
INFO: [IP_Flow 19-2313] Loaded Vivado IP repository '/tools/Xilinx/Vivado/2024.2/data/ip'.
INFO: [DRC 23-27] Running DRC with 8 threads
INFO: [Vivado_Tcl 2-168] The results of DRC are in file /home/valentina/Documents/Repo/circuit_breakout/vhdl_breakout/vhdl_breakout.runs/impl_1/breakout_vga_top_drc_opted.rpt.
report_drc completed successfully
INFO: [Timing 38-480] Writing timing data to binary archive.
Wrote PlaceDB: Time (s): cpu = 00:00:00 ; elapsed = 00:00:00.01 . Memory (MB): peak = 2548.332 ; gain = 0.000 ; free physical = 189 ; free virtual = 6762
Wrote PulsedLatchDB: Time (s): cpu = 00:00:00 ; elapsed = 00:00:00 . Memory (MB): peak = 2548.332 ; gain = 0.000 ; free physical = 189 ; free virtual = 6762
Write ShapeDB Complete: Time (s): cpu = 00:00:00 ; elapsed = 00:00:00.01 . Memory (MB): peak = 2548.332 ; gain = 0.000 ; free physical = 189 ; free virtual = 6762
Writing XDEF routing.
Writing XDEF routing logical nets.
Writing XDEF routing special nets.
Wrote RouteStorage: Time (s): cpu = 00:00:00.05 ; elapsed = 00:00:00.01 . Memory (MB): peak = 2548.332 ; gain = 0.000 ; free physical = 188 ; free virtual = 6761
Wrote Netlist Cache: Time (s): cpu = 00:00:00 ; elapsed = 00:00:00 . Memory (MB): peak = 2548.332 ; gain = 0.000 ; free physical = 188 ; free virtual = 6761
Wrote Device Cache: Time (s): cpu = 00:00:00 ; elapsed = 00:00:00 . Memory (MB): peak = 2548.332 ; gain = 0.000 ; free physical = 188 ; free virtual = 6761
Write Physdb Complete: Time (s): cpu = 00:00:00.06 ; elapsed = 00:00:00.02 . Memory (MB): peak = 2548.332 ; gain = 0.000 ; free physical = 188 ; free virtual = 6761
INFO: [Common 17-1381] The checkpoint '/home/valentina/Documents/Repo/circuit_breakout/vhdl_breakout/vhdl_breakout.runs/impl_1/breakout_vga_top_opt.dcp' has been generated.
Command: place_design
Attempting to get a license for feature 'Implementation' and/or device 'xc7a35t'
INFO: [Common 17-349] Got license for feature 'Implementation' and/or device 'xc7a35t'
INFO: [Common 17-83] Releasing license: Implementation
INFO: [DRC 23-27] Running DRC with 8 threads
INFO: [Vivado_Tcl 4-198] DRC finished with 0 Errors
INFO: [Vivado_Tcl 4-199] Please refer to the DRC report (report_drc) for more information.
Running DRC as a precondition to command place_design
INFO: [DRC 23-27] Running DRC with 8 threads
INFO: [Vivado_Tcl 4-198] DRC finished with 0 Errors
INFO: [Vivado_Tcl 4-199] Please refer to the DRC report (report_drc) for more information.
INFO: [Place 30-611] Multithreading enabled for place_design using a maximum of 8 CPUs

Starting Placer Task

Phase 1 Placer Initialization

Phase 1.1 Placer Initialization Netlist Sorting
Netlist sorting complete. Time (s): cpu = 00:00:00 ; elapsed = 00:00:00 . Memory (MB): peak = 2586.230 ; gain = 0.000 ; free physical = 261 ; free virtual = 6725
Phase 1.1 Placer Initialization Netlist Sorting | Checksum: 1f36afca6

Time (s): cpu = 00:00:00 ; elapsed = 00:00:00.01 . Memory (MB): peak = 2586.230 ; gain = 0.000 ; free physical = 261 ; free virtual = 6726
Netlist sorting complete. Time (s): cpu = 00:00:00 ; elapsed = 00:00:00 . Memory (MB): peak = 2586.230 ; gain = 0.000 ; free physical = 261 ; free virtual = 6726

Phase 1.2 IO Placement/ Clock Placement/ Build Placer Device
INFO: [Timing 38-35] Done setting XDC timing constraints.
Phase 1.2 IO Placement/ Clock Placement/ Build Placer Device | Checksum: 1d06efb99

Time (s): cpu = 00:00:00.97 ; elapsed = 00:00:00.24 . Memory (MB): peak = 2586.230 ; gain = 0.000 ; free physical = 254 ; free virtual = 6723

Phase 1.3 Build Placer Netlist Model
Phase 1.3 Build Placer Netlist Model | Checksum: 270e6a520

Time (s): cpu = 00:00:02 ; elapsed = 00:00:00.46 . Memory (MB): peak = 2618.246 ; gain = 32.016 ; free physical = 254 ; free virtual = 6724

Phase 1.4 Constrain Clocks/Macros
Phase 1.4 Constrain Clocks/Macros | Checksum: 270e6a520

Time (s): cpu = 00:00:02 ; elapsed = 00:00:00.46 . Memory (MB): peak = 2618.246 ; gain = 32.016 ; free physical = 254 ; free virtual = 6724
Phase 1 Placer Initialization | Checksum: 270e6a520

Time (s): cpu = 00:00:02 ; elapsed = 00:00:00.47 . Memory (MB): peak = 2618.246 ; gain = 32.016 ; free physical = 254 ; free virtual = 6724

Phase 2 Global Placement

Phase 2.1 Floorplanning
Phase 2.1 Floorplanning | Checksum: 21602093b

Time (s): cpu = 00:00:03 ; elapsed = 00:00:00.55 . Memory (MB): peak = 2618.246 ; gain = 32.016 ; free physical = 235 ; free virtual = 6706

Phase 2.2 Update Timing before SLR Path Opt
Phase 2.2 Update Timing before SLR Path Opt | Checksum: 244091ac4

Time (s): cpu = 00:00:03 ; elapsed = 00:00:00.61 . Memory (MB): peak = 2618.246 ; gain = 32.016 ; free physical = 244 ; free virtual = 6714

Phase 2.3 Post-Processing in Floorplanning
Phase 2.3 Post-Processing in Floorplanning | Checksum: 244091ac4

Time (s): cpu = 00:00:03 ; elapsed = 00:00:00.61 . Memory (MB): peak = 2618.246 ; gain = 32.016 ; free physical = 244 ; free virtual = 6714

Phase 2.4 Global Place Phase1
Phase 2.4 Global Place Phase1 | Checksum: 202044525

Time (s): cpu = 00:00:06 ; elapsed = 00:00:01 . Memory (MB): peak = 2626.250 ; gain = 40.020 ; free physical = 196 ; free virtual = 6668

Phase 2.5 Global Place Phase2

Phase 2.5.1 UpdateTiming Before Physical Synthesis
Phase 2.5.1 UpdateTiming Before Physical Synthesis | Checksum: 1f053e9cc

Time (s): cpu = 00:00:07 ; elapsed = 00:00:01 . Memory (MB): peak = 2626.250 ; gain = 40.020 ; free physical = 195 ; free virtual = 6667

Phase 2.5.2 Physical Synthesis In Placer
INFO: [Physopt 32-1035] Found 0 LUTNM shape to break, 8 LUT instances to create LUTNM shape
INFO: [Physopt 32-1044] Break lutnm for timing: one critical 0, two critical 0, total 0, new lutff created 0
INFO: [Physopt 32-1138] End 1 Pass. Optimized 3 nets or LUTs. Breaked 0 LUT, combined 3 existing LUTs and moved 0 existing LUT
INFO: [Physopt 32-65] No nets found for high-fanout optimization.
INFO: [Physopt 32-232] Optimized 0 net. Created 0 new instance.
INFO: [Physopt 32-775] End 1 Pass. Optimized 0 net or cell. Created 0 new cell, deleted 0 existing cell and moved 0 existing cell
INFO: [Physopt 32-670] No setup violation found.  DSP Register Optimization was not performed.
INFO: [Physopt 32-670] No setup violation found.  Shift Register to Pipeline Optimization was not performed.
INFO: [Physopt 32-670] No setup violation found.  Shift Register Optimization was not performed.
INFO: [Physopt 32-670] No setup violation found.  BRAM Register Optimization was not performed.
INFO: [Physopt 32-670] No setup violation found.  URAM Register Optimization was not performed.
INFO: [Physopt 32-949] No candidate nets found for dynamic/static region interface net replication
INFO: [Physopt 32-775] End 1 Pass. Optimized 0 net or cell. Created 0 new cell, deleted 0 existing cell and moved 0 existing cell
Netlist sorting complete. Time (s): cpu = 00:00:00.01 ; elapsed = 00:00:00 . Memory (MB): peak = 2626.250 ; gain = 0.000 ; free physical = 185 ; free virtual = 6668

Summary of Physical Synthesis Optimizations
============================================


-----------------------------------------------------------------------------------------------------------------------------------------------------------
|  Optimization                                     |  Added Cells  |  Removed Cells  |  Optimized Cells/Nets  |  Dont Touch  |  Iterations  |  Elapsed   |
-----------------------------------------------------------------------------------------------------------------------------------------------------------
|  LUT Combining                                    |            0  |              3  |                     3  |           0  |           1  |  00:00:00  |
|  Retime                                           |            0  |              0  |                     0  |           0  |           1  |  00:00:00  |
|  Very High Fanout                                 |            0  |              0  |                     0  |           0  |           1  |  00:00:00  |
|  DSP Register                                     |            0  |              0  |                     0  |           0  |           0  |  00:00:00  |
|  Shift Register to Pipeline                       |            0  |              0  |                     0  |           0  |           0  |  00:00:00  |
|  Shift Register                                   |            0  |              0  |                     0  |           0  |           0  |  00:00:00  |
|  BRAM Register                                    |            0  |              0  |                     0  |           0  |           0  |  00:00:00  |
|  URAM Register                                    |            0  |              0  |                     0  |           0  |           0  |  00:00:00  |
|  Dynamic/Static Region Interface Net Replication  |            0  |              0  |                     0  |           0  |           1  |  00:00:00  |
|  Total                                            |            0  |              3  |                     3  |           0  |           4  |  00:00:00  |
-----------------------------------------------------------------------------------------------------------------------------------------------------------


Phase 2.5.2 Physical Synthesis In Placer | Checksum: 208b22d06

Time (s): cpu = 00:00:07 ; elapsed = 00:00:02 . Memory (MB): peak = 2626.250 ; gain = 40.020 ; free physical = 184 ; free virtual = 6667
Phase 2.5 Global Place Phase2 | Checksum: 1ee29701c

Time (s): cpu = 00:00:08 ; elapsed = 00:00:02 . Memory (MB): peak = 2626.250 ; gain = 40.020 ; free physical = 185 ; free virtual = 6668
Phase 2 Global Placement | Checksum: 1ee29701c

Time (s): cpu = 00:00:08 ; elapsed = 00:00:02 . Memory (MB): peak = 2626.250 ; gain = 40.020 ; free physical = 185 ; free virtual = 6668

Phase 3 Detail Placement

Phase 3.1 Commit Multi Column Macros
Phase 3.1 Commit Multi Column Macros | Checksum: 251ab71e2

Time (s): cpu = 00:00:09 ; elapsed = 00:00:02 . Memory (MB): peak = 2626.250 ; gain = 40.020 ; free physical = 185 ; free virtual = 6670

Phase 3.2 Commit Most Macros & LUTRAMs
Phase 3.2 Commit Most Macros & LUTRAMs | Checksum: 282781215

Time (s): cpu = 00:00:09 ; elapsed = 00:00:02 . Memory (MB): peak = 2626.250 ; gain = 40.020 ; free physical = 343 ; free virtual = 6730

Phase 3.3 Area Swap Optimization
Phase 3.3 Area Swap Optimization | Checksum: 301049a84

Time (s): cpu = 00:00:09 ; elapsed = 00:00:02 . Memory (MB): peak = 2626.250 ; gain = 40.020 ; free physical = 343 ; free virtual = 6730

Phase 3.4 Pipeline Register Optimization
Phase 3.4 Pipeline Register Optimization | Checksum: 2d966dfff

Time (s): cpu = 00:00:09 ; elapsed = 00:00:02 . Memory (MB): peak = 2626.250 ; gain = 40.020 ; free physical = 343 ; free virtual = 6730

Phase 3.5 Small Shape Detail Placement
Phase 3.5 Small Shape Detail Placement | Checksum: 212c046d8

Time (s): cpu = 00:00:10 ; elapsed = 00:00:02 . Memory (MB): peak = 2626.250 ; gain = 40.020 ; free physical = 317 ; free virtual = 6705

Phase 3.6 Re-assign LUT pins
Phase 3.6 Re-assign LUT pins | Checksum: 1e87e33c3

Time (s): cpu = 00:00:10 ; elapsed = 00:00:02 . Memory (MB): peak = 2626.250 ; gain = 40.020 ; free physical = 317 ; free virtual = 6705

Phase 3.7 Pipeline Register Optimization
Phase 3.7 Pipeline Register Optimization | Checksum: 170dbf930

Time (s): cpu = 00:00:10 ; elapsed = 00:00:02 . Memory (MB): peak = 2626.250 ; gain = 40.020 ; free physical = 317 ; free virtual = 6705
Phase 3 Detail Placement | Checksum: 170dbf930

Time (s): cpu = 00:00:10 ; elapsed = 00:00:02 . Memory (MB): peak = 2626.250 ; gain = 40.020 ; free physical = 317 ; free virtual = 6705

Phase 4 Post Placement Optimization and Clean-Up

Phase 4.1 Post Commit Optimization
INFO: [Timing 38-35] Done setting XDC timing constraints.

Phase 4.1.1 Post Placement Optimization
Post Placement Optimization Initialization | Checksum: 1439b9796

Phase 4.1.1.1 BUFG Insertion

Starting Physical Synthesis Task

Phase 1 Physical Synthesis Initialization
INFO: [Physopt 32-721] Multithreading enabled for phys_opt_design using a maximum of 8 CPUs
INFO: [Physopt 32-619] Estimated Timing Summary | WNS=6.036 | TNS=0.000 |
Phase 1 Physical Synthesis Initialization | Checksum: 140c3c776

Time (s): cpu = 00:00:00.25 ; elapsed = 00:00:00.03 . Memory (MB): peak = 2626.250 ; gain = 0.000 ; free physical = 317 ; free virtual = 6705
INFO: [Place 46-56] BUFG insertion identified 0 candidate nets. Inserted BUFG: 0, Replicated BUFG Driver: 0, Skipped due to Placement/Routing Conflicts: 0, Skipped due to Timing Degradation: 0, Skipped due to netlist editing failed: 0.
Ending Physical Synthesis Task | Checksum: 189f466a4

Time (s): cpu = 00:00:00.28 ; elapsed = 00:00:00.03 . Memory (MB): peak = 2626.250 ; gain = 0.000 ; free physical = 317 ; free virtual = 6705
Phase 4.1.1.1 BUFG Insertion | Checksum: 1439b9796

Time (s): cpu = 00:00:11 ; elapsed = 00:00:03 . Memory (MB): peak = 2626.250 ; gain = 40.020 ; free physical = 317 ; free virtual = 6705

Phase 4.1.1.2 Post Placement Timing Optimization
INFO: [Place 30-746] Post Placement Timing Summary WNS=6.036. For the most accurate timing information please run report_timing.
Phase 4.1.1.2 Post Placement Timing Optimization | Checksum: 1aaa3e1ca

Time (s): cpu = 00:00:11 ; elapsed = 00:00:03 . Memory (MB): peak = 2626.250 ; gain = 40.020 ; free physical = 317 ; free virtual = 6705

Time (s): cpu = 00:00:11 ; elapsed = 00:00:03 . Memory (MB): peak = 2626.250 ; gain = 40.020 ; free physical = 317 ; free virtual = 6705
Phase 4.1 Post Commit Optimization | Checksum: 1aaa3e1ca

Time (s): cpu = 00:00:11 ; elapsed = 00:00:03 . Memory (MB): peak = 2626.250 ; gain = 40.020 ; free physical = 317 ; free virtual = 6705

Phase 4.2 Post Placement Cleanup
Phase 4.2 Post Placement Cleanup | Checksum: 1aaa3e1ca

Time (s): cpu = 00:00:11 ; elapsed = 00:00:03 . Memory (MB): peak = 2626.250 ; gain = 40.020 ; free physical = 317 ; free virtual = 6705

Phase 4.3 Placer Reporting

Phase 4.3.1 Print Estimated Congestion
INFO: [Place 30-612] Post-Placement Estimated Congestion 
 ____________________________________________________
|           | Global Congestion | Short Congestion  |
| Direction | Region Size       | Region Size       |
|___________|___________________|___________________|
|      North|                1x1|                1x1|
|___________|___________________|___________________|
|      South|                1x1|                1x1|
|___________|___________________|___________________|
|       East|                1x1|                1x1|
|___________|___________________|___________________|
|       West|                1x1|                1x1|
|___________|___________________|___________________|

Phase 4.3.1 Print Estimated Congestion | Checksum: 1aaa3e1ca

Time (s): cpu = 00:00:11 ; elapsed = 00:00:03 . Memory (MB): peak = 2626.250 ; gain = 40.020 ; free physical = 317 ; free virtual = 6705
Phase 4.3 Placer Reporting | Checksum: 1aaa3e1ca

Time (s): cpu = 00:00:11 ; elapsed = 00:00:03 . Memory (MB): peak = 2626.250 ; gain = 40.020 ; free physical = 317 ; free virtual = 6705

Phase 4.4 Final Placement Cleanup
Netlist sorting complete. Time (s): cpu = 00:00:00 ; elapsed = 00:00:00 . Memory (MB): peak = 2626.250 ; gain = 0.000 ; free physical = 317 ; free virtual = 6705

Time (s): cpu = 00:00:11 ; elapsed = 00:00:03 . Memory (MB): peak = 2626.250 ; gain = 40.020 ; free physical = 317 ; free virtual = 6705
Phase 4 Post Placement Optimization and Clean-Up | Checksum: 1741d0794

Time (s): cpu = 00:00:11 ; elapsed = 00:00:03 . Memory (MB): peak = 2626.250 ; gain = 40.020 ; free physical = 317 ; free virtual = 6705
Ending Placer Task | Checksum: b3305e0e

Time (s): cpu = 00:00:11 ; elapsed = 00:00:03 . Memory (MB): peak = 2626.250 ; gain = 40.020 ; free physical = 317 ; free virtual = 6705
69 Infos, 0 Warnings, 0 Critical Warnings and 0 Errors encountered.
place_design completed successfully
INFO: [Vivado 12-24838] Running report commands "report_control_sets, report_io, report_utilization" in parallel.
Running report generation with 3 threads.
INFO: [Vivado 12-24828] Executing command : report_utilization -file breakout_vga_top_utilization_placed.rpt -pb breakout_vga_top_utilization_placed.pb
INFO: [Vivado 12-24828] Executing command : report_control_sets -verbose -file breakout_vga_top_control_sets_placed.rpt
report_control_sets: Time (s): cpu = 00:00:00.11 ; elapsed = 00:00:00.15 . Memory (MB): peak = 2626.250 ; gain = 0.000 ; free physical = 294 ; free virtual = 6681
INFO: [Vivado 12-24828] Executing command : report_io -file breakout_vga_top_io_placed.rpt
report_io: Time (s): cpu = 00:00:00.2 ; elapsed = 00:00:00.3 . Memory (MB): peak = 2626.250 ; gain = 0.000 ; free physical = 293 ; free virtual = 6681
INFO: [Timing 38-480] Writing timing data to binary archive.
Write ShapeDB Complete: Time (s): cpu = 00:00:00 ; elapsed = 00:00:00 . Memory (MB): peak = 2626.250 ; gain = 0.000 ; free physical = 293 ; free virtual = 6681
Wrote PlaceDB: Time (s): cpu = 00:00:00.03 ; elapsed = 00:00:00.01 . Memory (MB): peak = 2626.250 ; gain = 0.000 ; free physical = 293 ; free virtual = 6680
Wrote PulsedLatchDB: Time (s): cpu = 00:00:00 ; elapsed = 00:00:00 . Memory (MB): peak = 2626.250 ; gain = 0.000 ; free physical = 293 ; free virtual = 6680
Writing XDEF routing.
Writing XDEF routing logical nets.
Writing XDEF routing special nets.
Wrote RouteStorage: Time (s): cpu = 00:00:00.03 ; elapsed = 00:00:00.01 . Memory (MB): peak = 2626.250 ; gain = 0.000 ; free physical = 292 ; free virtual = 6680
Wrote Netlist Cache: Time (s): cpu = 00:00:00 ; elapsed = 00:00:00 . Memory (MB): peak = 2626.250 ; gain = 0.000 ; free physical = 292 ; free virtual = 6680
Wrote Device Cache: Time (s): cpu = 00:00:00.01 ; elapsed = 00:00:00.01 . Memory (MB): peak = 2626.250 ; gain = 0.000 ; free physical = 292 ; free virtual = 6681
Write Physdb Complete: Time (s): cpu = 00:00:00.08 ; elapsed = 00:00:00.03 . Memory (MB): peak = 2626.250 ; gain = 0.000 ; free physical = 292 ; free virtual = 6681
INFO: [Common 17-1381] The checkpoint '/home/valentina/Documents/Repo/circuit_breakout/vhdl_breakout/vhdl_breakout.runs/impl_1/breakout_vga_top_placed.dcp' has been generated.
Command: phys_opt_design
Attempting to get a license for feature 'Implementation' and/or device 'xc7a35t'
INFO: [Common 17-349] Got license for feature 'Implementation' and/or device 'xc7a35t'

Starting Initial Update Timing Task

Time (s): cpu = 00:00:00.05 ; elapsed = 00:00:00.06 . Memory (MB): peak = 2626.250 ; gain = 0.000 ; free physical = 272 ; free virtual = 6660
INFO: [Vivado_Tcl 4-2279] Estimated Timing Summary | WNS= 6.036 | TNS= 0.000 | 
INFO: [Vivado_Tcl 4-383] Design worst setup slack (WNS) is greater than or equal to 0.000 ns. All physical synthesis setup optimizations will be skipped.
INFO: [Vivado_Tcl 4-232] No setup violation found. The netlist was not modified.
INFO: [Common 17-83] Releasing license: Implementation
80 Infos, 0 Warnings, 0 Critical Warnings and 0 Errors encountered.
phys_opt_design completed successfully
INFO: [Timing 38-480] Writing timing data to binary archive.
Write ShapeDB Complete: Time (s): cpu = 00:00:00 ; elapsed = 00:00:00 . Memory (MB): peak = 2626.250 ; gain = 0.000 ; free physical = 272 ; free virtual = 6660
Wrote PlaceDB: Time (s): cpu = 00:00:00.04 ; elapsed = 00:00:00.01 . Memory (MB): peak = 2626.250 ; gain = 0.000 ; free physical = 272 ; free virtual = 6659
Wrote PulsedLatchDB: Time (s): cpu = 00:00:00 ; elapsed = 00:00:00 . Memory (MB): peak = 2626.250 ; gain = 0.000 ; free physical = 272 ; free virtual = 6659
Writing XDEF routing.
Writing XDEF routing logical nets.
Writing XDEF routing special nets.
Wrote RouteStorage: Time (s): cpu = 00:00:00.03 ; elapsed = 00:00:00.02 . Memory (MB): peak = 2626.250 ; gain = 0.000 ; free physical = 277 ; free virtual = 6657
Wrote Netlist Cache: Time (s): cpu = 00:00:00 ; elapsed = 00:00:00 . Memory (MB): peak = 2626.250 ; gain = 0.000 ; free physical = 277 ; free virtual = 6658
Wrote Device Cache: Time (s): cpu = 00:00:00 ; elapsed = 00:00:00 . Memory (MB): peak = 2626.250 ; gain = 0.000 ; free physical = 276 ; free virtual = 6657
Write Physdb Complete: Time (s): cpu = 00:00:00.08 ; elapsed = 00:00:00.03 . Memory (MB): peak = 2626.250 ; gain = 0.000 ; free physical = 276 ; free virtual = 6657
INFO: [Common 17-1381] The checkpoint '/home/valentina/Documents/Repo/circuit_breakout/vhdl_breakout/vhdl_breakout.runs/impl_1/breakout_vga_top_physopt.dcp' has been generated.
Command: route_design
Attempting to get a license for feature 'Implementation' and/or device 'xc7a35t'
INFO: [Common 17-349] Got license for feature 'Implementation' and/or device 'xc7a35t'


Starting Routing Task
INFO: [Route 35-254] Multithreading enabled for route_design using a maximum of 8 CPUs

Phase 1 Build RT Design
Checksum: PlaceDB: 293a229 ConstDB: 0 ShapeSum: 101b5f8e RouteDB: a0815c57
Post Restoration Checksum: NetGraph: 7f4c9d62 | NumContArr: 7c16f01f | Constraints: c2a8fa9d | Timing: c2a8fa9d
Phase 1 Build RT Design | Checksum: 280b582bb

Time (s): cpu = 00:00:17 ; elapsed = 00:00:16 . Memory (MB): peak = 2707.617 ; gain = 81.367 ; free physical = 318 ; free virtual = 6597

Phase 2 Router Initialization

Phase 2.1 Fix Topology Constraints
Phase 2.1 Fix Topology Constraints | Checksum: 280b582bb

Time (s): cpu = 00:00:17 ; elapsed = 00:00:16 . Memory (MB): peak = 2707.617 ; gain = 81.367 ; free physical = 318 ; free virtual = 6598

Phase 2.2 Pre Route Cleanup
Phase 2.2 Pre Route Cleanup | Checksum: 280b582bb

Time (s): cpu = 00:00:17 ; elapsed = 00:00:16 . Memory (MB): peak = 2707.617 ; gain = 81.367 ; free physical = 318 ; free virtual = 6598
 Number of Nodes with overlaps = 0

Phase 2.3 Update Timing
Phase 2.3 Update Timing | Checksum: 1c1794841

Time (s): cpu = 00:00:18 ; elapsed = 00:00:16 . Memory (MB): peak = 2732.617 ; gain = 106.367 ; free physical = 302 ; free virtual = 6582
INFO: [Route 35-416] Intermediate Timing Summary | WNS=6.031  | TNS=0.000  | WHS=-0.082 | THS=-1.368 |


Router Utilization Summary
  Global Vertical Routing Utilization    = 0 %
  Global Horizontal Routing Utilization  = 0 %
  Routable Net Status*
  *Does not include unroutable nets such as driverless and loadless.
  Run report_route_status for detailed report.
  Number of Failed Nets               = 178
    (Failed Nets is the sum of unrouted and partially routed nets)
  Number of Unrouted Nets             = 178
  Number of Partially Routed Nets     = 0
  Number of Node Overlaps             = 0

Phase 2 Router Initialization | Checksum: 192fc3c39

Time (s): cpu = 00:00:19 ; elapsed = 00:00:16 . Memory (MB): peak = 2732.617 ; gain = 106.367 ; free physical = 298 ; free virtual = 6578

Phase 3 Global Routing
Phase 3 Global Routing | Checksum: 192fc3c39

Time (s): cpu = 00:00:19 ; elapsed = 00:00:16 . Memory (MB): peak = 2732.617 ; gain = 106.367 ; free physical = 298 ; free virtual = 6578

Phase 4 Initial Routing

Phase 4.1 Initial Net Routing Pass
Phase 4.1 Initial Net Routing Pass | Checksum: 28d500539

Time (s): cpu = 00:00:19 ; elapsed = 00:00:16 . Memory (MB): peak = 2732.617 ; gain = 106.367 ; free physical = 298 ; free virtual = 6578
Phase 4 Initial Routing | Checksum: 28d500539

Time (s): cpu = 00:00:19 ; elapsed = 00:00:16 . Memory (MB): peak = 2732.617 ; gain = 106.367 ; free physical = 298 ; free virtual = 6578

Phase 5 Rip-up And Reroute

Phase 5.1 Global Iteration 0
 Number of Nodes with overlaps = 10
 Number of Nodes with overlaps = 0
INFO: [Route 35-416] Intermediate Timing Summary | WNS=5.735  | TNS=0.000  | WHS=N/A    | THS=N/A    |

Phase 5.1 Global Iteration 0 | Checksum: 2daf6ea93

Time (s): cpu = 00:00:19 ; elapsed = 00:00:16 . Memory (MB): peak = 2732.617 ; gain = 106.367 ; free physical = 298 ; free virtual = 6578

Phase 5.2 Global Iteration 1
 Number of Nodes with overlaps = 0
INFO: [Route 35-416] Intermediate Timing Summary | WNS=5.735  | TNS=0.000  | WHS=N/A    | THS=N/A    |

Phase 5.2 Global Iteration 1 | Checksum: 2fb22f58e

Time (s): cpu = 00:00:19 ; elapsed = 00:00:16 . Memory (MB): peak = 2732.617 ; gain = 106.367 ; free physical = 298 ; free virtual = 6579
Phase 5 Rip-up And Reroute | Checksum: 2fb22f58e

Time (s): cpu = 00:00:19 ; elapsed = 00:00:16 . Memory (MB): peak = 2732.617 ; gain = 106.367 ; free physical = 298 ; free virtual = 6579

Phase 6 Delay and Skew Optimization

Phase 6.1 Delay CleanUp
Phase 6.1 Delay CleanUp | Checksum: 2fb22f58e

Time (s): cpu = 00:00:19 ; elapsed = 00:00:16 . Memory (MB): peak = 2732.617 ; gain = 106.367 ; free physical = 298 ; free virtual = 6579

Phase 6.2 Clock Skew Optimization
Phase 6.2 Clock Skew Optimization | Checksum: 2fb22f58e

Time (s): cpu = 00:00:19 ; elapsed = 00:00:16 . Memory (MB): peak = 2732.617 ; gain = 106.367 ; free physical = 298 ; free virtual = 6579
Phase 6 Delay and Skew Optimization | Checksum: 2fb22f58e

Time (s): cpu = 00:00:19 ; elapsed = 00:00:16 . Memory (MB): peak = 2732.617 ; gain = 106.367 ; free physical = 298 ; free virtual = 6579

Phase 7 Post Hold Fix

Phase 7.1 Hold Fix Iter
INFO: [Route 35-416] Intermediate Timing Summary | WNS=5.814  | TNS=0.000  | WHS=0.194  | THS=0.000  |

Phase 7.1 Hold Fix Iter | Checksum: 2c4ae9283

Time (s): cpu = 00:00:19 ; elapsed = 00:00:16 . Memory (MB): peak = 2732.617 ; gain = 106.367 ; free physical = 298 ; free virtual = 6579
Phase 7 Post Hold Fix | Checksum: 2c4ae9283

Time (s): cpu = 00:00:19 ; elapsed = 00:00:16 . Memory (MB): peak = 2732.617 ; gain = 106.367 ; free physical = 298 ; free virtual = 6579

Phase 8 Route finalize

Router Utilization Summary
  Global Vertical Routing Utilization    = 0.0314917 %
  Global Horizontal Routing Utilization  = 0.065721 %
  Routable Net Status*
  *Does not include unroutable nets such as driverless and loadless.
  Run report_route_status for detailed report.
  Number of Failed Nets               = 0
    (Failed Nets is the sum of unrouted and partially routed nets)
  Number of Unrouted Nets             = 0
  Number of Partially Routed Nets     = 0
  Number of Node Overlaps             = 0

Phase 8 Route finalize | Checksum: 2c4ae9283

Time (s): cpu = 00:00:19 ; elapsed = 00:00:16 . Memory (MB): peak = 2732.617 ; gain = 106.367 ; free physical = 298 ; free virtual = 6579

Phase 9 Verifying routed nets

 Verification completed successfully
Phase 9 Verifying routed nets | Checksum: 2c4ae9283

Time (s): cpu = 00:00:19 ; elapsed = 00:00:16 . Memory (MB): peak = 2732.617 ; gain = 106.367 ; free physical = 297 ; free virtual = 6578

Phase 10 Depositing Routes
Phase 10 Depositing Routes | Checksum: 2f02f496e

Time (s): cpu = 00:00:19 ; elapsed = 00:00:16 . Memory (MB): peak = 2732.617 ; gain = 106.367 ; free physical = 297 ; free virtual = 6578

Phase 11 Post Process Routing
Phase 11 Post Process Routing | Checksum: 2f02f496e

Time (s): cpu = 00:00:19 ; elapsed = 00:00:16 . Memory (MB): peak = 2732.617 ; gain = 106.367 ; free physical = 297 ; free virtual = 6578

Phase 12 Post Router Timing
INFO: [Route 35-57] Estimated Timing Summary | WNS=5.814  | TNS=0.000  | WHS=0.194  | THS=0.000  |

INFO: [Route 35-327] The final timing numbers are based on the router estimated timing analysis. For a complete and accurate timing signoff, please run report_timing_summary.
Phase 12 Post Router Timing | Checksum: 2f02f496e

Time (s): cpu = 00:00:19 ; elapsed = 00:00:16 . Memory (MB): peak = 2732.617 ; gain = 106.367 ; free physical = 297 ; free virtual = 6578
Total Elapsed time in route_design: 16.4 secs

Phase 13 Post-Route Event Processing
Phase 13 Post-Route Event Processing | Checksum: d0a138a3

Time (s): cpu = 00:00:19 ; elapsed = 00:00:16 . Memory (MB): peak = 2732.617 ; gain = 106.367 ; free physical = 297 ; free virtual = 6578
INFO: [Route 35-16] Router Completed Successfully
Ending Routing Task | Checksum: d0a138a3

Time (s): cpu = 00:00:19 ; elapsed = 00:00:16 . Memory (MB): peak = 2732.617 ; gain = 106.367 ; free physical = 297 ; free virtual = 6578

Routing Is Done.
INFO: [Common 17-83] Releasing license: Implementation
92 Infos, 0 Warnings, 0 Critical Warnings and 0 Errors encountered.
route_design completed successfully
route_design: Time (s): cpu = 00:00:19 ; elapsed = 00:00:16 . Memory (MB): peak = 2732.617 ; gain = 106.367 ; free physical = 297 ; free virtual = 6578
INFO: [Vivado 12-24828] Executing command : report_drc -file breakout_vga_top_drc_routed.rpt -pb breakout_vga_top_drc_routed.pb -rpx breakout_vga_top_drc_routed.rpx
Command: report_drc -file breakout_vga_top_drc_routed.rpt -pb breakout_vga_top_drc_routed.pb -rpx breakout_vga_top_drc_routed.rpx
INFO: [IP_Flow 19-1839] IP Catalog is up to date.
INFO: [DRC 23-27] Running DRC with 8 threads
INFO: [Vivado_Tcl 2-168] The results of DRC are in file /home/valentina/Documents/Repo/circuit_breakout/vhdl_breakout/vhdl_breakout.runs/impl_1/breakout_vga_top_drc_routed.rpt.
report_drc completed successfully
INFO: [Vivado 12-24828] Executing command : report_methodology -file breakout_vga_top_methodology_drc_routed.rpt -pb breakout_vga_top_methodology_drc_routed.pb -rpx breakout_vga_top_methodology_drc_routed.rpx
Command: report_methodology -file breakout_vga_top_methodology_drc_routed.rpt -pb breakout_vga_top_methodology_drc_routed.pb -rpx breakout_vga_top_methodology_drc_routed.rpx
INFO: [Timing 38-35] Done setting XDC timing constraints.
INFO: [DRC 23-133] Running Methodology with 8 threads
INFO: [Vivado_Tcl 2-1520] The results of Report Methodology are in file /home/valentina/Documents/Repo/circuit_breakout/vhdl_breakout/vhdl_breakout.runs/impl_1/breakout_vga_top_methodology_drc_routed.rpt.
report_methodology completed successfully
INFO: [Vivado 12-24828] Executing command : report_timing_summary -max_paths 10 -report_unconstrained -file breakout_vga_top_timing_summary_routed.rpt -pb breakout_vga_top_timing_summary_routed.pb -rpx breakout_vga_top_timing_summary_routed.rpx -warn_on_violation 
INFO: [Timing 38-35] Done setting XDC timing constraints.
INFO: [Timing 38-91] UpdateTimingParams: Speed grade: -1, Delay Type: min_max.
INFO: [Timing 38-191] Multithreading enabled for timing update using a maximum of 8 CPUs
INFO: [Vivado 12-24838] Running report commands "report_bus_skew, report_incremental_reuse, report_route_status" in parallel.
Running report generation with 3 threads.
INFO: [Vivado 12-24828] Executing command : report_route_status -file breakout_vga_top_route_status.rpt -pb breakout_vga_top_route_status.pb
INFO: [Vivado 12-24828] Executing command : report_incremental_reuse -file breakout_vga_top_incremental_reuse_routed.rpt
INFO: [Vivado_Tcl 4-1062] Incremental flow is disabled. No incremental reuse Info to report.
INFO: [Vivado 12-24828] Executing command : report_bus_skew -warn_on_violation -file breakout_vga_top_bus_skew_routed.rpt -pb breakout_vga_top_bus_skew_routed.pb -rpx breakout_vga_top_bus_skew_routed.rpx
INFO: [Timing 38-91] UpdateTimingParams: Speed grade: -1, Delay Type: min_max.
INFO: [Timing 38-191] Multithreading enabled for timing update using a maximum of 8 CPUs
INFO: [Vivado 12-24828] Executing command : report_power -file breakout_vga_top_power_routed.rpt -pb breakout_vga_top_power_summary_routed.pb -rpx breakout_vga_top_power_routed.rpx
Command: report_power -file breakout_vga_top_power_routed.rpt -pb breakout_vga_top_power_summary_routed.pb -rpx breakout_vga_top_power_routed.rpx
Running Vector-less Activity Propagation...

Finished Running Vector-less Activity Propagation
112 Infos, 0 Warnings, 0 Critical Warnings and 0 Errors encountered.
report_power completed successfully
INFO: [Vivado 12-24828] Executing command : report_clock_utilization -file breakout_vga_top_clock_utilization_routed.rpt
generate_parallel_reports: Time (s): cpu = 00:00:18 ; elapsed = 00:00:05 . Memory (MB): peak = 2887.086 ; gain = 154.469 ; free physical = 431 ; free virtual = 6534
INFO: [Timing 38-480] Writing timing data to binary archive.
Write ShapeDB Complete: Time (s): cpu = 00:00:00 ; elapsed = 00:00:00 . Memory (MB): peak = 2887.086 ; gain = 0.000 ; free physical = 431 ; free virtual = 6534
Wrote PlaceDB: Time (s): cpu = 00:00:00.06 ; elapsed = 00:00:00.02 . Memory (MB): peak = 2887.086 ; gain = 0.000 ; free physical = 431 ; free virtual = 6534
Wrote PulsedLatchDB: Time (s): cpu = 00:00:00 ; elapsed = 00:00:00 . Memory (MB): peak = 2887.086 ; gain = 0.000 ; free physical = 431 ; free virtual = 6534
Writing XDEF routing.
Writing XDEF routing logical nets.
Writing XDEF routing special nets.
Wrote RouteStorage: Time (s): cpu = 00:00:00.06 ; elapsed = 00:00:00.03 . Memory (MB): peak = 2887.086 ; gain = 0.000 ; free physical = 431 ; free virtual = 6534
Wrote Netlist Cache: Time (s): cpu = 00:00:00 ; elapsed = 00:00:00 . Memory (MB): peak = 2887.086 ; gain = 0.000 ; free physical = 431 ; free virtual = 6534
Wrote Device Cache: Time (s): cpu = 00:00:00.01 ; elapsed = 00:00:00.01 . Memory (MB): peak = 2887.086 ; gain = 0.000 ; free physical = 431 ; free virtual = 6534
Write Physdb Complete: Time (s): cpu = 00:00:00.13 ; elapsed = 00:00:00.06 . Memory (MB): peak = 2887.086 ; gain = 0.000 ; free physical = 431 ; free virtual = 6534
INFO: [Common 17-1381] The checkpoint '/home/valentina/Documents/Repo/circuit_breakout/vhdl_breakout/vhdl_breakout.runs/impl_1/breakout_vga_top_routed.dcp' has been generated.
INFO: [Common 17-206] Exiting Vivado at Sat Aug 29 16:22:11 2026...
