
*** Running vivado
    with args -log breakout_vga_top.vds -m64 -product Vivado -mode batch -messageDb vivado.pb -notrace -source breakout_vga_top.tcl


****** Vivado v2024.2 (64-bit)
  **** SW Build 5239630 on Fri Nov 08 22:34:34 MST 2024
  **** IP Build 5239520 on Sun Nov 10 16:12:51 MST 2024
  **** SharedData Build 5239561 on Fri Nov 08 14:39:27 MST 2024
  **** Start of session at: Sun Aug 30 18:19:04 2026
    ** Copyright 1986-2022 Xilinx, Inc. All Rights Reserved.
    ** Copyright 2022-2024 Advanced Micro Devices, Inc. All Rights Reserved.

source breakout_vga_top.tcl -notrace
Command: synth_design -top breakout_vga_top -part xc7a35tcpg236-1
Starting synth_design
Attempting to get a license for feature 'Synthesis' and/or device 'xc7a35t'
INFO: [Common 17-349] Got license for feature 'Synthesis' and/or device 'xc7a35t'
INFO: [Device 21-403] Loading part xc7a35tcpg236-1
INFO: [Synth 8-7079] Multithreading enabled for synth_design using a maximum of 7 processes.
INFO: [Synth 8-7078] Launching helper process for spawning children vivado processes
INFO: [Synth 8-7075] Helper process launched with PID 41763
---------------------------------------------------------------------------------
Starting RTL Elaboration : Time (s): cpu = 00:00:05 ; elapsed = 00:00:05 . Memory (MB): peak = 1836.023 ; gain = 400.855 ; free physical = 323 ; free virtual = 10197
---------------------------------------------------------------------------------
INFO: [Synth 8-638] synthesizing module 'breakout_vga_top' [/home/valentina/Documents/Repo/circuit_breakout/src/vhdl_breakout/vhdl_breakout.srcs/sources_1/imports/valentina/breakout_vga_top.vhd:65]
INFO: [Synth 8-638] synthesizing module 'button_onepulse' [/home/valentina/Documents/Repo/circuit_breakout/src/vhdl_breakout/vhdl_breakout.srcs/sources_1/imports/valentina/button_onepulse.vhd:17]
	Parameter DEBOUNCE_CYCLES bound to: 1000000 - type: integer 
INFO: [Synth 8-256] done synthesizing module 'button_onepulse' (0#1) [/home/valentina/Documents/Repo/circuit_breakout/src/vhdl_breakout/vhdl_breakout.srcs/sources_1/imports/valentina/button_onepulse.vhd:17]
INFO: [Synth 8-638] synthesizing module 'counter_74193_style' [/home/valentina/Documents/Repo/circuit_breakout/src/vhdl_breakout/vhdl_breakout.srcs/sources_1/imports/valentina/counter_74193_style.vhd:21]
INFO: [Synth 8-256] done synthesizing module 'counter_74193_style' (0#1) [/home/valentina/Documents/Repo/circuit_breakout/src/vhdl_breakout/vhdl_breakout.srcs/sources_1/imports/valentina/counter_74193_style.vhd:21]
INFO: [Synth 8-638] synthesizing module 'sevenseg_hex' [/home/valentina/Documents/Repo/circuit_breakout/src/vhdl_breakout/vhdl_breakout.srcs/sources_1/imports/valentina/sevenseg_hex.vhd:14]
INFO: [Synth 8-256] done synthesizing module 'sevenseg_hex' (0#1) [/home/valentina/Documents/Repo/circuit_breakout/src/vhdl_breakout/vhdl_breakout.srcs/sources_1/imports/valentina/sevenseg_hex.vhd:14]
INFO: [Synth 8-256] done synthesizing module 'breakout_vga_top' (0#1) [/home/valentina/Documents/Repo/circuit_breakout/src/vhdl_breakout/vhdl_breakout.srcs/sources_1/imports/valentina/breakout_vga_top.vhd:65]
WARNING: [Synth 8-3917] design breakout_vga_top has port an[3] driven by constant 1
WARNING: [Synth 8-3917] design breakout_vga_top has port an[2] driven by constant 1
WARNING: [Synth 8-3917] design breakout_vga_top has port an[1] driven by constant 1
WARNING: [Synth 8-3917] design breakout_vga_top has port an[0] driven by constant 0
WARNING: [Synth 8-3917] design breakout_vga_top has port dp driven by constant 1
---------------------------------------------------------------------------------
Finished RTL Elaboration : Time (s): cpu = 00:00:07 ; elapsed = 00:00:07 . Memory (MB): peak = 1907.961 ; gain = 472.793 ; free physical = 543 ; free virtual = 9984
---------------------------------------------------------------------------------
---------------------------------------------------------------------------------
Start Handling Custom Attributes
---------------------------------------------------------------------------------
---------------------------------------------------------------------------------
Finished Handling Custom Attributes : Time (s): cpu = 00:00:07 ; elapsed = 00:00:07 . Memory (MB): peak = 1925.773 ; gain = 490.605 ; free physical = 538 ; free virtual = 9978
---------------------------------------------------------------------------------
---------------------------------------------------------------------------------
Finished RTL Optimization Phase 1 : Time (s): cpu = 00:00:07 ; elapsed = 00:00:07 . Memory (MB): peak = 1925.773 ; gain = 490.605 ; free physical = 538 ; free virtual = 9978
---------------------------------------------------------------------------------
Netlist sorting complete. Time (s): cpu = 00:00:00.01 ; elapsed = 00:00:00 . Memory (MB): peak = 1925.773 ; gain = 0.000 ; free physical = 538 ; free virtual = 9976
INFO: [Project 1-570] Preparing netlist for logic optimization

Processing XDC Constraints
Initializing timing engine
Parsing XDC File [/home/valentina/Documents/Repo/circuit_breakout/src/vhdl_breakout/vhdl_breakout.srcs/constrs_1/imports/valentina/basys3_paddle_vga.xdc]
Finished Parsing XDC File [/home/valentina/Documents/Repo/circuit_breakout/src/vhdl_breakout/vhdl_breakout.srcs/constrs_1/imports/valentina/basys3_paddle_vga.xdc]
INFO: [Project 1-236] Implementation specific constraints were found while reading constraint file [/home/valentina/Documents/Repo/circuit_breakout/src/vhdl_breakout/vhdl_breakout.srcs/constrs_1/imports/valentina/basys3_paddle_vga.xdc]. These constraints will be ignored for synthesis but will be used in implementation. Impacted constraints are listed in the file [.Xil/breakout_vga_top_propImpl.xdc].
Resolution: To avoid this warning, move constraints listed in [.Xil/breakout_vga_top_propImpl.xdc] to another XDC file and exclude this new file from synthesis with the used_in_synthesis property (File Properties dialog in GUI) and re-run elaboration/synthesis.
Completed Processing XDC Constraints

Netlist sorting complete. Time (s): cpu = 00:00:00 ; elapsed = 00:00:00 . Memory (MB): peak = 2072.523 ; gain = 0.000 ; free physical = 367 ; free virtual = 9838
INFO: [Project 1-111] Unisim Transformation Summary:
No Unisim elements were transformed.

Constraint Validation Runtime : Time (s): cpu = 00:00:00 ; elapsed = 00:00:00 . Memory (MB): peak = 2072.523 ; gain = 0.000 ; free physical = 367 ; free virtual = 9838
---------------------------------------------------------------------------------
Finished Constraint Validation : Time (s): cpu = 00:00:14 ; elapsed = 00:00:15 . Memory (MB): peak = 2072.523 ; gain = 637.355 ; free physical = 420 ; free virtual = 9874
---------------------------------------------------------------------------------
---------------------------------------------------------------------------------
Start Loading Part and Timing Information
---------------------------------------------------------------------------------
Loading part: xc7a35tcpg236-1
---------------------------------------------------------------------------------
Finished Loading Part and Timing Information : Time (s): cpu = 00:00:14 ; elapsed = 00:00:15 . Memory (MB): peak = 2080.527 ; gain = 645.359 ; free physical = 420 ; free virtual = 9874
---------------------------------------------------------------------------------
---------------------------------------------------------------------------------
Start Applying 'set_property' XDC Constraints
---------------------------------------------------------------------------------
---------------------------------------------------------------------------------
Finished applying 'set_property' XDC Constraints : Time (s): cpu = 00:00:14 ; elapsed = 00:00:15 . Memory (MB): peak = 2080.527 ; gain = 645.359 ; free physical = 424 ; free virtual = 9878
---------------------------------------------------------------------------------
---------------------------------------------------------------------------------
Finished RTL Optimization Phase 2 : Time (s): cpu = 00:00:15 ; elapsed = 00:00:15 . Memory (MB): peak = 2080.527 ; gain = 645.359 ; free physical = 420 ; free virtual = 9873
---------------------------------------------------------------------------------
---------------------------------------------------------------------------------
Start RTL Component Statistics 
---------------------------------------------------------------------------------
Detailed RTL Component Info : 
+---Adders : 
	   3 Input   11 Bit       Adders := 1     
	   2 Input   10 Bit       Adders := 4     
	   2 Input    4 Bit       Adders := 1     
	   2 Input    2 Bit       Adders := 1     
+---Registers : 
	               10 Bit    Registers := 2     
	                4 Bit    Registers := 1     
	                2 Bit    Registers := 1     
	                1 Bit    Registers := 12    
+---Muxes : 
	   2 Input    4 Bit        Muxes := 1     
	   2 Input    2 Bit        Muxes := 1     
	   2 Input    1 Bit        Muxes := 4     
---------------------------------------------------------------------------------
Finished RTL Component Statistics 
---------------------------------------------------------------------------------
---------------------------------------------------------------------------------
Start Part Resource Summary
---------------------------------------------------------------------------------
Part Resources:
DSPs: 90 (col length:60)
BRAMs: 100 (col length: RAMB18 60 RAMB36 30)
---------------------------------------------------------------------------------
Finished Part Resource Summary
---------------------------------------------------------------------------------
---------------------------------------------------------------------------------
Start Cross Boundary and Area Optimization
---------------------------------------------------------------------------------
WARNING: [Synth 8-7080] Parallel synthesis criteria is not met
WARNING: [Synth 8-3917] design breakout_vga_top has port an[3] driven by constant 1
WARNING: [Synth 8-3917] design breakout_vga_top has port an[2] driven by constant 1
WARNING: [Synth 8-3917] design breakout_vga_top has port an[1] driven by constant 1
WARNING: [Synth 8-3917] design breakout_vga_top has port an[0] driven by constant 0
WARNING: [Synth 8-3917] design breakout_vga_top has port dp driven by constant 1
---------------------------------------------------------------------------------
Finished Cross Boundary and Area Optimization : Time (s): cpu = 00:00:17 ; elapsed = 00:00:17 . Memory (MB): peak = 2080.527 ; gain = 645.359 ; free physical = 399 ; free virtual = 9858
---------------------------------------------------------------------------------
---------------------------------------------------------------------------------
Start Applying XDC Timing Constraints
---------------------------------------------------------------------------------
---------------------------------------------------------------------------------
Finished Applying XDC Timing Constraints : Time (s): cpu = 00:00:22 ; elapsed = 00:00:22 . Memory (MB): peak = 2104.527 ; gain = 669.359 ; free physical = 408 ; free virtual = 9881
---------------------------------------------------------------------------------
---------------------------------------------------------------------------------
Start Timing Optimization
---------------------------------------------------------------------------------
---------------------------------------------------------------------------------
Finished Timing Optimization : Time (s): cpu = 00:00:22 ; elapsed = 00:00:23 . Memory (MB): peak = 2137.574 ; gain = 702.406 ; free physical = 376 ; free virtual = 9849
---------------------------------------------------------------------------------
---------------------------------------------------------------------------------
Start Technology Mapping
---------------------------------------------------------------------------------
---------------------------------------------------------------------------------
Finished Technology Mapping : Time (s): cpu = 00:00:22 ; elapsed = 00:00:23 . Memory (MB): peak = 2145.582 ; gain = 710.414 ; free physical = 361 ; free virtual = 9834
---------------------------------------------------------------------------------
---------------------------------------------------------------------------------
Start IO Insertion
---------------------------------------------------------------------------------
---------------------------------------------------------------------------------
Start Flattening Before IO Insertion
---------------------------------------------------------------------------------
---------------------------------------------------------------------------------
Finished Flattening Before IO Insertion
---------------------------------------------------------------------------------
---------------------------------------------------------------------------------
Start Final Netlist Cleanup
---------------------------------------------------------------------------------
---------------------------------------------------------------------------------
Finished Final Netlist Cleanup
---------------------------------------------------------------------------------
---------------------------------------------------------------------------------
Finished IO Insertion : Time (s): cpu = 00:00:25 ; elapsed = 00:00:26 . Memory (MB): peak = 2278.395 ; gain = 843.227 ; free physical = 651 ; free virtual = 9933
---------------------------------------------------------------------------------
---------------------------------------------------------------------------------
Start Renaming Generated Instances
---------------------------------------------------------------------------------
---------------------------------------------------------------------------------
Finished Renaming Generated Instances : Time (s): cpu = 00:00:25 ; elapsed = 00:00:26 . Memory (MB): peak = 2278.395 ; gain = 843.227 ; free physical = 651 ; free virtual = 9933
---------------------------------------------------------------------------------
---------------------------------------------------------------------------------
Start Rebuilding User Hierarchy
---------------------------------------------------------------------------------
---------------------------------------------------------------------------------
Finished Rebuilding User Hierarchy : Time (s): cpu = 00:00:25 ; elapsed = 00:00:26 . Memory (MB): peak = 2278.395 ; gain = 843.227 ; free physical = 651 ; free virtual = 9933
---------------------------------------------------------------------------------
---------------------------------------------------------------------------------
Start Renaming Generated Ports
---------------------------------------------------------------------------------
---------------------------------------------------------------------------------
Finished Renaming Generated Ports : Time (s): cpu = 00:00:25 ; elapsed = 00:00:26 . Memory (MB): peak = 2278.395 ; gain = 843.227 ; free physical = 651 ; free virtual = 9933
---------------------------------------------------------------------------------
---------------------------------------------------------------------------------
Start Handling Custom Attributes
---------------------------------------------------------------------------------
---------------------------------------------------------------------------------
Finished Handling Custom Attributes : Time (s): cpu = 00:00:25 ; elapsed = 00:00:26 . Memory (MB): peak = 2278.395 ; gain = 843.227 ; free physical = 651 ; free virtual = 9933
---------------------------------------------------------------------------------
---------------------------------------------------------------------------------
Start Renaming Generated Nets
---------------------------------------------------------------------------------
---------------------------------------------------------------------------------
Finished Renaming Generated Nets : Time (s): cpu = 00:00:25 ; elapsed = 00:00:26 . Memory (MB): peak = 2278.395 ; gain = 843.227 ; free physical = 651 ; free virtual = 9933
---------------------------------------------------------------------------------
---------------------------------------------------------------------------------
Start Writing Synthesis Report
---------------------------------------------------------------------------------

Report BlackBoxes: 
+-+--------------+----------+
| |BlackBox name |Instances |
+-+--------------+----------+
+-+--------------+----------+

Report Cell Usage: 
+------+-------+------+
|      |Cell   |Count |
+------+-------+------+
|1     |BUFG   |     1|
|2     |CARRY4 |    19|
|3     |LUT1   |     4|
|4     |LUT2   |    16|
|5     |LUT3   |    12|
|6     |LUT4   |    20|
|7     |LUT5   |    15|
|8     |LUT6   |    40|
|9     |FDRE   |    98|
|10    |IBUF   |     8|
|11    |OBUF   |    26|
+------+-------+------+
---------------------------------------------------------------------------------
Finished Writing Synthesis Report : Time (s): cpu = 00:00:25 ; elapsed = 00:00:26 . Memory (MB): peak = 2278.395 ; gain = 843.227 ; free physical = 651 ; free virtual = 9933
---------------------------------------------------------------------------------
Synthesis finished with 0 errors, 0 critical warnings and 6 warnings.
Synthesis Optimization Runtime : Time (s): cpu = 00:00:23 ; elapsed = 00:00:24 . Memory (MB): peak = 2278.395 ; gain = 696.477 ; free physical = 650 ; free virtual = 9932
Synthesis Optimization Complete : Time (s): cpu = 00:00:25 ; elapsed = 00:00:26 . Memory (MB): peak = 2278.402 ; gain = 843.227 ; free physical = 650 ; free virtual = 9932
INFO: [Project 1-571] Translating synthesized netlist
Netlist sorting complete. Time (s): cpu = 00:00:00 ; elapsed = 00:00:00.01 . Memory (MB): peak = 2278.402 ; gain = 0.000 ; free physical = 646 ; free virtual = 9930
INFO: [Netlist 29-17] Analyzing 19 Unisim elements for replacement
INFO: [Netlist 29-28] Unisim Transformation completed in 0 CPU seconds
INFO: [Project 1-570] Preparing netlist for logic optimization
INFO: [Opt 31-138] Pushed 0 inverter(s) to 0 load pin(s).
Netlist sorting complete. Time (s): cpu = 00:00:00 ; elapsed = 00:00:00 . Memory (MB): peak = 2334.422 ; gain = 0.000 ; free physical = 815 ; free virtual = 10102
INFO: [Project 1-111] Unisim Transformation Summary:
No Unisim elements were transformed.

Synth Design complete | Checksum: 33a7e511
INFO: [Common 17-83] Releasing license: Synthesis
23 Infos, 11 Warnings, 0 Critical Warnings and 0 Errors encountered.
synth_design completed successfully
synth_design: Time (s): cpu = 00:00:35 ; elapsed = 00:00:32 . Memory (MB): peak = 2334.422 ; gain = 899.262 ; free physical = 794 ; free virtual = 10090
INFO: [Common 17-2834] synth_design peak Physical Memory [PSS] (MB): overall = 1468.329; main = 1468.329; forked = 265.118
INFO: [Common 17-2834] synth_design peak Virtual Memory [VSS] (MB): overall = 2997.555; main = 2334.426; forked = 917.023
Write ShapeDB Complete: Time (s): cpu = 00:00:00.01 ; elapsed = 00:00:00 . Memory (MB): peak = 2358.434 ; gain = 0.000 ; free physical = 794 ; free virtual = 10090
INFO: [Common 17-1381] The checkpoint '/home/valentina/Documents/Repo/circuit_breakout/src/vhdl_breakout/vhdl_breakout.runs/synth_1/breakout_vga_top.dcp' has been generated.
INFO: [Vivado 12-24828] Executing command : report_utilization -file breakout_vga_top_utilization_synth.rpt -pb breakout_vga_top_utilization_synth.pb
INFO: [Common 17-206] Exiting Vivado at Sun Aug 30 18:19:39 2026...
